// Jest Snapshot v1, https://goo.gl/fbAQLP

exports[`CvComponent should not display when loading 1`] = `<Loading />`;

exports[`CvComponent should render 1`] = `<PersonalDetails />`;
