// Jest Snapshot v1, https://goo.gl/fbAQLP

exports[`cv reducer should have default values that match snapshot 1`] = `
Object {
  "data": Object {
    "name": "",
  },
  "isFetching": false,
  "isLoaded": false,
}
`;
