// Jest Snapshot v1, https://goo.gl/fbAQLP

exports[`graph should have initial state 1`] = `
Object {
  "chart": Object {
    "type": "areaspline",
  },
  "credits": Object {
    "enabled": false,
  },
  "plotOptions": Object {
    "areaspline": Object {
      "fillOpacity": 0.25,
    },
  },
  "series": Array [
    Object {
      "data": Array [
        Object {
          "x": 0,
          "y": 1318912,
        },
        Object {
          "x": 10000,
          "y": 1311087,
        },
        Object {
          "x": 20000,
          "y": 1303262,
        },
        Object {
          "x": 30000,
          "y": 1295437,
        },
        Object {
          "x": 40000,
          "y": 1287612,
        },
        Object {
          "x": 50000,
          "y": 1279787,
        },
        Object {
          "x": 60000,
          "y": 1271962,
        },
        Object {
          "x": 70000,
          "y": 1264137,
        },
        Object {
          "x": 80000,
          "y": 1256311,
        },
        Object {
          "x": 90000,
          "y": 1248486,
        },
        Object {
          "x": 100000,
          "y": 1240661,
        },
        Object {
          "x": 110000,
          "y": 1232836,
        },
        Object {
          "x": 120000,
          "y": 1225010,
        },
        Object {
          "x": 130000,
          "y": 1217185,
        },
        Object {
          "x": 140000,
          "y": 1209360,
        },
        Object {
          "x": 150000,
          "y": 1201535,
        },
        Object {
          "x": 160000,
          "y": 1193709,
        },
        Object {
          "x": 170000,
          "y": 1185884,
        },
        Object {
          "x": 180000,
          "y": 1178059,
        },
        Object {
          "x": 190000,
          "y": 1170234,
        },
        Object {
          "x": 200000,
          "y": 1162408,
        },
        Object {
          "x": 210000,
          "y": 1154583,
        },
        Object {
          "x": 220000,
          "y": 1146758,
        },
        Object {
          "x": 230000,
          "y": 1138980,
        },
        Object {
          "x": 240000,
          "y": 1131310,
        },
        Object {
          "x": 250000,
          "y": 1123642,
        },
        Object {
          "x": 260000,
          "y": 1115973,
        },
        Object {
          "x": 270000,
          "y": 1108305,
        },
        Object {
          "x": 280000,
          "y": 1100635,
        },
        Object {
          "x": 290000,
          "y": 1092967,
        },
        Object {
          "x": 300000,
          "y": 1085298,
        },
        Object {
          "x": 310000,
          "y": 1077630,
        },
        Object {
          "x": 320000,
          "y": 1069961,
        },
        Object {
          "x": 330000,
          "y": 1062292,
        },
        Object {
          "x": 340000,
          "y": 1054624,
        },
        Object {
          "x": 350000,
          "y": 1046955,
        },
        Object {
          "x": 360000,
          "y": 1039287,
        },
        Object {
          "x": 370000,
          "y": 1031617,
        },
        Object {
          "x": 380000,
          "y": 1023949,
        },
        Object {
          "x": 390000,
          "y": 1016280,
        },
        Object {
          "x": 400000,
          "y": 1008612,
        },
        Object {
          "x": 410000,
          "y": 1000943,
        },
        Object {
          "x": 420000,
          "y": 993275,
        },
        Object {
          "x": 430000,
          "y": 985606,
        },
        Object {
          "x": 440000,
          "y": 977938,
        },
        Object {
          "x": 450000,
          "y": 970268,
        },
        Object {
          "x": 460000,
          "y": 962600,
        },
        Object {
          "x": 470000,
          "y": 954931,
        },
        Object {
          "x": 480000,
          "y": 947263,
        },
        Object {
          "x": 490000,
          "y": 939593,
        },
        Object {
          "x": 500000,
          "y": 931925,
        },
        Object {
          "x": 510000,
          "y": 924256,
        },
        Object {
          "x": 520000,
          "y": 916588,
        },
        Object {
          "x": 530000,
          "y": 908918,
        },
        Object {
          "x": 540000,
          "y": 901250,
        },
        Object {
          "x": 550000,
          "y": 893581,
        },
        Object {
          "x": 560000,
          "y": 885913,
        },
        Object {
          "x": 570000,
          "y": 878243,
        },
        Object {
          "x": 580000,
          "y": 870575,
        },
        Object {
          "x": 590000,
          "y": 862906,
        },
        Object {
          "x": 600000,
          "y": 855238,
        },
        Object {
          "x": 610000,
          "y": 847568,
        },
        Object {
          "x": 620000,
          "y": 839900,
        },
        Object {
          "x": 630000,
          "y": 832231,
        },
        Object {
          "x": 640000,
          "y": 824563,
        },
        Object {
          "x": 650000,
          "y": 816893,
        },
        Object {
          "x": 660000,
          "y": 809225,
        },
        Object {
          "x": 670000,
          "y": 801556,
        },
        Object {
          "x": 680000,
          "y": 793888,
        },
        Object {
          "x": 690000,
          "y": 786219,
        },
        Object {
          "x": 700000,
          "y": 778550,
        },
        Object {
          "x": 710000,
          "y": 770881,
        },
        Object {
          "x": 720000,
          "y": 763213,
        },
        Object {
          "x": 730000,
          "y": 755544,
        },
        Object {
          "x": 740000,
          "y": 747875,
        },
        Object {
          "x": 750000,
          "y": 740206,
        },
        Object {
          "x": 760000,
          "y": 732538,
        },
        Object {
          "x": 770000,
          "y": 724869,
        },
        Object {
          "x": 780000,
          "y": 717201,
        },
        Object {
          "x": 790000,
          "y": 709532,
        },
        Object {
          "x": 800000,
          "y": 701864,
        },
        Object {
          "x": 810000,
          "y": 694195,
        },
        Object {
          "x": 820000,
          "y": 686526,
        },
        Object {
          "x": 830000,
          "y": 678857,
        },
        Object {
          "x": 840000,
          "y": 671188,
        },
        Object {
          "x": 850000,
          "y": 663519,
        },
        Object {
          "x": 860000,
          "y": 655850,
        },
        Object {
          "x": 870000,
          "y": 648182,
        },
        Object {
          "x": 880000,
          "y": 640513,
        },
        Object {
          "x": 890000,
          "y": 632845,
        },
        Object {
          "x": 900000,
          "y": 625175,
        },
        Object {
          "x": 910000,
          "y": 617507,
        },
        Object {
          "x": 920000,
          "y": 609838,
        },
        Object {
          "x": 930000,
          "y": 602170,
        },
        Object {
          "x": 940000,
          "y": 594500,
        },
        Object {
          "x": 950000,
          "y": 586832,
        },
        Object {
          "x": 960000,
          "y": 579163,
        },
        Object {
          "x": 970000,
          "y": 571495,
        },
        Object {
          "x": 980000,
          "y": 563826,
        },
        Object {
          "x": 990000,
          "y": 556157,
        },
        Object {
          "x": 1000000,
          "y": 548488,
        },
        Object {
          "x": 1010000,
          "y": 540820,
        },
        Object {
          "x": 1020000,
          "y": 533151,
        },
        Object {
          "x": 1030000,
          "y": 525482,
        },
        Object {
          "x": 1040000,
          "y": 517813,
        },
        Object {
          "x": 1050000,
          "y": 510145,
        },
        Object {
          "x": 1060000,
          "y": 502476,
        },
        Object {
          "x": 1070000,
          "y": 494807,
        },
        Object {
          "x": 1080000,
          "y": 487138,
        },
        Object {
          "x": 1090000,
          "y": 479470,
        },
        Object {
          "x": 1100000,
          "y": 471801,
        },
        Object {
          "x": 1110000,
          "y": 464132,
        },
        Object {
          "x": 1120000,
          "y": 456463,
        },
        Object {
          "x": 1130000,
          "y": 448795,
        },
        Object {
          "x": 1140000,
          "y": 441126,
        },
        Object {
          "x": 1150000,
          "y": 433457,
        },
        Object {
          "x": 1160000,
          "y": 425788,
        },
        Object {
          "x": 1170000,
          "y": 418120,
        },
        Object {
          "x": 1180000,
          "y": 410451,
        },
        Object {
          "x": 1190000,
          "y": 402783,
        },
        Object {
          "x": 1200000,
          "y": 395114,
        },
        Object {
          "x": 1210000,
          "y": 387446,
        },
        Object {
          "x": 1220000,
          "y": 379777,
        },
        Object {
          "x": 1230000,
          "y": 372108,
        },
        Object {
          "x": 1240000,
          "y": 364439,
        },
        Object {
          "x": 1250000,
          "y": 356771,
        },
        Object {
          "x": 1260000,
          "y": 349102,
        },
        Object {
          "x": 1270000,
          "y": 341433,
        },
        Object {
          "x": 1280000,
          "y": 333764,
        },
        Object {
          "x": 1290000,
          "y": 326096,
        },
        Object {
          "x": 1300000,
          "y": 318427,
        },
        Object {
          "x": 1310000,
          "y": 310759,
        },
        Object {
          "x": 1320000,
          "y": 303089,
        },
        Object {
          "x": 1330000,
          "y": 295421,
        },
        Object {
          "x": 1340000,
          "y": 287752,
        },
        Object {
          "x": 1350000,
          "y": 280084,
        },
        Object {
          "x": 1360000,
          "y": 272414,
        },
        Object {
          "x": 1370000,
          "y": 264746,
        },
        Object {
          "x": 1380000,
          "y": 257077,
        },
        Object {
          "x": 1390000,
          "y": 249409,
        },
        Object {
          "x": 1400000,
          "y": 241739,
        },
        Object {
          "x": 1410000,
          "y": 234071,
        },
        Object {
          "x": 1420000,
          "y": 226402,
        },
        Object {
          "x": 1430000,
          "y": 218734,
        },
        Object {
          "x": 1440000,
          "y": 211064,
        },
        Object {
          "x": 1450000,
          "y": 203396,
        },
        Object {
          "x": 1460000,
          "y": 195727,
        },
        Object {
          "x": 1470000,
          "y": 188059,
        },
        Object {
          "x": 1480000,
          "y": 180389,
        },
        Object {
          "x": 1490000,
          "y": 172721,
        },
        Object {
          "x": 1500000,
          "y": 165052,
        },
        Object {
          "x": 1510000,
          "y": 157384,
        },
        Object {
          "x": 1520000,
          "y": 149714,
        },
        Object {
          "x": 1530000,
          "y": 142046,
        },
        Object {
          "x": 1540000,
          "y": 134377,
        },
        Object {
          "x": 1550000,
          "y": 126709,
        },
        Object {
          "x": 1560000,
          "y": 119040,
        },
        Object {
          "x": 1570000,
          "y": 111372,
        },
        Object {
          "x": 1580000,
          "y": 103703,
        },
        Object {
          "x": 1590000,
          "y": 96017,
        },
        Object {
          "x": 1600000,
          "y": 88192,
        },
        Object {
          "x": 1610000,
          "y": 80366,
        },
        Object {
          "x": 1620000,
          "y": 72541,
        },
        Object {
          "x": 1630000,
          "y": 64716,
        },
        Object {
          "x": 1640000,
          "y": 56891,
        },
        Object {
          "x": 1650000,
          "y": 49065,
        },
        Object {
          "x": 1660000,
          "y": 41240,
        },
        Object {
          "x": 1670000,
          "y": 33415,
        },
        Object {
          "x": 1680000,
          "y": 25590,
        },
        Object {
          "x": 1690000,
          "y": 17764,
        },
        Object {
          "x": 1700000,
          "y": 9939,
        },
      ],
      "name": "Salary",
    },
    Object {
      "data": Array [
        Object {
          "x": 0,
          "y": 0,
        },
        Object {
          "x": 10000,
          "y": 5345,
        },
        Object {
          "x": 20000,
          "y": 10690,
        },
        Object {
          "x": 30000,
          "y": 16034,
        },
        Object {
          "x": 40000,
          "y": 21379,
        },
        Object {
          "x": 50000,
          "y": 26723,
        },
        Object {
          "x": 60000,
          "y": 32068,
        },
        Object {
          "x": 70000,
          "y": 37412,
        },
        Object {
          "x": 80000,
          "y": 42757,
        },
        Object {
          "x": 90000,
          "y": 48102,
        },
        Object {
          "x": 100000,
          "y": 53446,
        },
        Object {
          "x": 110000,
          "y": 58791,
        },
        Object {
          "x": 120000,
          "y": 64135,
        },
        Object {
          "x": 130000,
          "y": 69480,
        },
        Object {
          "x": 140000,
          "y": 74824,
        },
        Object {
          "x": 150000,
          "y": 80169,
        },
        Object {
          "x": 160000,
          "y": 85514,
        },
        Object {
          "x": 170000,
          "y": 90858,
        },
        Object {
          "x": 180000,
          "y": 96203,
        },
        Object {
          "x": 190000,
          "y": 101547,
        },
        Object {
          "x": 200000,
          "y": 106892,
        },
        Object {
          "x": 210000,
          "y": 112236,
        },
        Object {
          "x": 220000,
          "y": 117581,
        },
        Object {
          "x": 230000,
          "y": 122926,
        },
        Object {
          "x": 240000,
          "y": 128270,
        },
        Object {
          "x": 250000,
          "y": 133615,
        },
        Object {
          "x": 260000,
          "y": 138959,
        },
        Object {
          "x": 270000,
          "y": 144304,
        },
        Object {
          "x": 280000,
          "y": 149648,
        },
        Object {
          "x": 290000,
          "y": 154993,
        },
        Object {
          "x": 300000,
          "y": 160338,
        },
        Object {
          "x": 310000,
          "y": 165682,
        },
        Object {
          "x": 320000,
          "y": 171027,
        },
        Object {
          "x": 330000,
          "y": 176371,
        },
        Object {
          "x": 340000,
          "y": 181716,
        },
        Object {
          "x": 350000,
          "y": 187060,
        },
        Object {
          "x": 360000,
          "y": 192405,
        },
        Object {
          "x": 370000,
          "y": 197750,
        },
        Object {
          "x": 380000,
          "y": 203094,
        },
        Object {
          "x": 390000,
          "y": 208439,
        },
        Object {
          "x": 400000,
          "y": 213783,
        },
        Object {
          "x": 410000,
          "y": 219128,
        },
        Object {
          "x": 420000,
          "y": 224472,
        },
        Object {
          "x": 430000,
          "y": 229817,
        },
        Object {
          "x": 440000,
          "y": 235162,
        },
        Object {
          "x": 450000,
          "y": 240506,
        },
        Object {
          "x": 460000,
          "y": 245851,
        },
        Object {
          "x": 470000,
          "y": 251195,
        },
        Object {
          "x": 480000,
          "y": 256540,
        },
        Object {
          "x": 490000,
          "y": 261884,
        },
        Object {
          "x": 500000,
          "y": 267229,
        },
        Object {
          "x": 510000,
          "y": 272574,
        },
        Object {
          "x": 520000,
          "y": 277918,
        },
        Object {
          "x": 530000,
          "y": 283263,
        },
        Object {
          "x": 540000,
          "y": 288607,
        },
        Object {
          "x": 550000,
          "y": 293952,
        },
        Object {
          "x": 560000,
          "y": 299296,
        },
        Object {
          "x": 570000,
          "y": 304641,
        },
        Object {
          "x": 580000,
          "y": 309986,
        },
        Object {
          "x": 590000,
          "y": 315330,
        },
        Object {
          "x": 600000,
          "y": 320675,
        },
        Object {
          "x": 610000,
          "y": 326019,
        },
        Object {
          "x": 620000,
          "y": 331364,
        },
        Object {
          "x": 630000,
          "y": 336708,
        },
        Object {
          "x": 640000,
          "y": 342053,
        },
        Object {
          "x": 650000,
          "y": 347398,
        },
        Object {
          "x": 660000,
          "y": 352742,
        },
        Object {
          "x": 670000,
          "y": 358087,
        },
        Object {
          "x": 680000,
          "y": 363431,
        },
        Object {
          "x": 690000,
          "y": 368776,
        },
        Object {
          "x": 700000,
          "y": 374120,
        },
        Object {
          "x": 710000,
          "y": 379465,
        },
        Object {
          "x": 720000,
          "y": 384810,
        },
        Object {
          "x": 730000,
          "y": 390154,
        },
        Object {
          "x": 740000,
          "y": 395499,
        },
        Object {
          "x": 750000,
          "y": 400843,
        },
        Object {
          "x": 760000,
          "y": 406188,
        },
        Object {
          "x": 770000,
          "y": 411532,
        },
        Object {
          "x": 780000,
          "y": 416877,
        },
        Object {
          "x": 790000,
          "y": 422222,
        },
        Object {
          "x": 800000,
          "y": 427566,
        },
        Object {
          "x": 810000,
          "y": 432911,
        },
        Object {
          "x": 820000,
          "y": 438255,
        },
        Object {
          "x": 830000,
          "y": 443600,
        },
        Object {
          "x": 840000,
          "y": 448944,
        },
        Object {
          "x": 850000,
          "y": 454289,
        },
        Object {
          "x": 860000,
          "y": 459634,
        },
        Object {
          "x": 870000,
          "y": 464978,
        },
        Object {
          "x": 880000,
          "y": 470323,
        },
        Object {
          "x": 890000,
          "y": 475667,
        },
        Object {
          "x": 900000,
          "y": 481012,
        },
        Object {
          "x": 910000,
          "y": 486356,
        },
        Object {
          "x": 920000,
          "y": 491701,
        },
        Object {
          "x": 930000,
          "y": 497046,
        },
        Object {
          "x": 940000,
          "y": 502390,
        },
        Object {
          "x": 950000,
          "y": 507735,
        },
        Object {
          "x": 960000,
          "y": 513079,
        },
        Object {
          "x": 970000,
          "y": 518424,
        },
        Object {
          "x": 980000,
          "y": 523768,
        },
        Object {
          "x": 990000,
          "y": 529113,
        },
        Object {
          "x": 1000000,
          "y": 534457,
        },
        Object {
          "x": 1010000,
          "y": 539802,
        },
        Object {
          "x": 1020000,
          "y": 545147,
        },
        Object {
          "x": 1030000,
          "y": 550491,
        },
        Object {
          "x": 1040000,
          "y": 555836,
        },
        Object {
          "x": 1050000,
          "y": 561180,
        },
        Object {
          "x": 1060000,
          "y": 566525,
        },
        Object {
          "x": 1070000,
          "y": 571869,
        },
        Object {
          "x": 1080000,
          "y": 577214,
        },
        Object {
          "x": 1090000,
          "y": 582559,
        },
        Object {
          "x": 1100000,
          "y": 587903,
        },
        Object {
          "x": 1110000,
          "y": 593248,
        },
        Object {
          "x": 1120000,
          "y": 598592,
        },
        Object {
          "x": 1130000,
          "y": 603937,
        },
        Object {
          "x": 1140000,
          "y": 609281,
        },
        Object {
          "x": 1150000,
          "y": 614626,
        },
        Object {
          "x": 1160000,
          "y": 619971,
        },
        Object {
          "x": 1170000,
          "y": 625315,
        },
        Object {
          "x": 1180000,
          "y": 630660,
        },
        Object {
          "x": 1190000,
          "y": 636004,
        },
        Object {
          "x": 1200000,
          "y": 641349,
        },
        Object {
          "x": 1210000,
          "y": 646693,
        },
        Object {
          "x": 1220000,
          "y": 652038,
        },
        Object {
          "x": 1230000,
          "y": 657383,
        },
        Object {
          "x": 1240000,
          "y": 662727,
        },
        Object {
          "x": 1250000,
          "y": 668072,
        },
        Object {
          "x": 1260000,
          "y": 673416,
        },
        Object {
          "x": 1270000,
          "y": 678761,
        },
        Object {
          "x": 1280000,
          "y": 684105,
        },
        Object {
          "x": 1290000,
          "y": 689450,
        },
        Object {
          "x": 1300000,
          "y": 694795,
        },
        Object {
          "x": 1310000,
          "y": 700139,
        },
        Object {
          "x": 1320000,
          "y": 705484,
        },
        Object {
          "x": 1330000,
          "y": 710828,
        },
        Object {
          "x": 1340000,
          "y": 716173,
        },
        Object {
          "x": 1350000,
          "y": 721517,
        },
        Object {
          "x": 1360000,
          "y": 726862,
        },
        Object {
          "x": 1370000,
          "y": 732207,
        },
        Object {
          "x": 1380000,
          "y": 737551,
        },
        Object {
          "x": 1390000,
          "y": 742896,
        },
        Object {
          "x": 1400000,
          "y": 748240,
        },
        Object {
          "x": 1410000,
          "y": 753585,
        },
        Object {
          "x": 1420000,
          "y": 758929,
        },
        Object {
          "x": 1430000,
          "y": 764274,
        },
        Object {
          "x": 1440000,
          "y": 769619,
        },
        Object {
          "x": 1450000,
          "y": 774963,
        },
        Object {
          "x": 1460000,
          "y": 780308,
        },
        Object {
          "x": 1470000,
          "y": 785652,
        },
        Object {
          "x": 1480000,
          "y": 790997,
        },
        Object {
          "x": 1490000,
          "y": 796341,
        },
        Object {
          "x": 1500000,
          "y": 801686,
        },
        Object {
          "x": 1510000,
          "y": 807031,
        },
        Object {
          "x": 1520000,
          "y": 812375,
        },
        Object {
          "x": 1530000,
          "y": 817720,
        },
        Object {
          "x": 1540000,
          "y": 823064,
        },
        Object {
          "x": 1550000,
          "y": 828409,
        },
        Object {
          "x": 1560000,
          "y": 833753,
        },
        Object {
          "x": 1570000,
          "y": 839098,
        },
        Object {
          "x": 1580000,
          "y": 844443,
        },
        Object {
          "x": 1590000,
          "y": 849787,
        },
        Object {
          "x": 1600000,
          "y": 855132,
        },
        Object {
          "x": 1610000,
          "y": 860476,
        },
        Object {
          "x": 1620000,
          "y": 865821,
        },
        Object {
          "x": 1630000,
          "y": 871165,
        },
        Object {
          "x": 1640000,
          "y": 876510,
        },
        Object {
          "x": 1650000,
          "y": 881855,
        },
        Object {
          "x": 1660000,
          "y": 887199,
        },
        Object {
          "x": 1670000,
          "y": 892544,
        },
        Object {
          "x": 1680000,
          "y": 897888,
        },
        Object {
          "x": 1690000,
          "y": 903233,
        },
        Object {
          "x": 1700000,
          "y": 908577,
        },
      ],
      "name": "Dividends",
    },
    Object {
      "data": Array [
        Object {
          "x": 0,
          "y": 816923,
        },
        Object {
          "x": 10000,
          "y": 818089,
        },
        Object {
          "x": 20000,
          "y": 819256,
        },
        Object {
          "x": 30000,
          "y": 820421,
        },
        Object {
          "x": 40000,
          "y": 821587,
        },
        Object {
          "x": 50000,
          "y": 822753,
        },
        Object {
          "x": 60000,
          "y": 823920,
        },
        Object {
          "x": 70000,
          "y": 825084,
        },
        Object {
          "x": 80000,
          "y": 826250,
        },
        Object {
          "x": 90000,
          "y": 827417,
        },
        Object {
          "x": 100000,
          "y": 828582,
        },
        Object {
          "x": 110000,
          "y": 829749,
        },
        Object {
          "x": 120000,
          "y": 830914,
        },
        Object {
          "x": 130000,
          "y": 832080,
        },
        Object {
          "x": 140000,
          "y": 833246,
        },
        Object {
          "x": 150000,
          "y": 834413,
        },
        Object {
          "x": 160000,
          "y": 835578,
        },
        Object {
          "x": 170000,
          "y": 836743,
        },
        Object {
          "x": 180000,
          "y": 837910,
        },
        Object {
          "x": 190000,
          "y": 839075,
        },
        Object {
          "x": 200000,
          "y": 840241,
        },
        Object {
          "x": 210000,
          "y": 841407,
        },
        Object {
          "x": 220000,
          "y": 842572,
        },
        Object {
          "x": 230000,
          "y": 843764,
        },
        Object {
          "x": 240000,
          "y": 845012,
        },
        Object {
          "x": 250000,
          "y": 846263,
        },
        Object {
          "x": 260000,
          "y": 847512,
        },
        Object {
          "x": 270000,
          "y": 848762,
        },
        Object {
          "x": 280000,
          "y": 850010,
        },
        Object {
          "x": 290000,
          "y": 851260,
        },
        Object {
          "x": 300000,
          "y": 852510,
        },
        Object {
          "x": 310000,
          "y": 853760,
        },
        Object {
          "x": 320000,
          "y": 855010,
        },
        Object {
          "x": 330000,
          "y": 856259,
        },
        Object {
          "x": 340000,
          "y": 857508,
        },
        Object {
          "x": 350000,
          "y": 858757,
        },
        Object {
          "x": 360000,
          "y": 860008,
        },
        Object {
          "x": 370000,
          "y": 861257,
        },
        Object {
          "x": 380000,
          "y": 862507,
        },
        Object {
          "x": 390000,
          "y": 863756,
        },
        Object {
          "x": 400000,
          "y": 865005,
        },
        Object {
          "x": 410000,
          "y": 866255,
        },
        Object {
          "x": 420000,
          "y": 867505,
        },
        Object {
          "x": 430000,
          "y": 868754,
        },
        Object {
          "x": 440000,
          "y": 870005,
        },
        Object {
          "x": 450000,
          "y": 871253,
        },
        Object {
          "x": 460000,
          "y": 872503,
        },
        Object {
          "x": 470000,
          "y": 873538,
        },
        Object {
          "x": 480000,
          "y": 874558,
        },
        Object {
          "x": 490000,
          "y": 875576,
        },
        Object {
          "x": 500000,
          "y": 876597,
        },
        Object {
          "x": 510000,
          "y": 877617,
        },
        Object {
          "x": 520000,
          "y": 878636,
        },
        Object {
          "x": 530000,
          "y": 879655,
        },
        Object {
          "x": 540000,
          "y": 880674,
        },
        Object {
          "x": 550000,
          "y": 881694,
        },
        Object {
          "x": 560000,
          "y": 882713,
        },
        Object {
          "x": 570000,
          "y": 883733,
        },
        Object {
          "x": 580000,
          "y": 884752,
        },
        Object {
          "x": 590000,
          "y": 885770,
        },
        Object {
          "x": 600000,
          "y": 886791,
        },
        Object {
          "x": 610000,
          "y": 887809,
        },
        Object {
          "x": 620000,
          "y": 888830,
        },
        Object {
          "x": 630000,
          "y": 889849,
        },
        Object {
          "x": 640000,
          "y": 890868,
        },
        Object {
          "x": 650000,
          "y": 891887,
        },
        Object {
          "x": 660000,
          "y": 892907,
        },
        Object {
          "x": 670000,
          "y": 893927,
        },
        Object {
          "x": 680000,
          "y": 894947,
        },
        Object {
          "x": 690000,
          "y": 895966,
        },
        Object {
          "x": 700000,
          "y": 896983,
        },
        Object {
          "x": 710000,
          "y": 898003,
        },
        Object {
          "x": 720000,
          "y": 899024,
        },
        Object {
          "x": 730000,
          "y": 900043,
        },
        Object {
          "x": 740000,
          "y": 901063,
        },
        Object {
          "x": 750000,
          "y": 902081,
        },
        Object {
          "x": 760000,
          "y": 903101,
        },
        Object {
          "x": 770000,
          "y": 904120,
        },
        Object {
          "x": 780000,
          "y": 905141,
        },
        Object {
          "x": 790000,
          "y": 906160,
        },
        Object {
          "x": 800000,
          "y": 907180,
        },
        Object {
          "x": 810000,
          "y": 908200,
        },
        Object {
          "x": 820000,
          "y": 909217,
        },
        Object {
          "x": 830000,
          "y": 910237,
        },
        Object {
          "x": 840000,
          "y": 911256,
        },
        Object {
          "x": 850000,
          "y": 912275,
        },
        Object {
          "x": 860000,
          "y": 913295,
        },
        Object {
          "x": 870000,
          "y": 914315,
        },
        Object {
          "x": 880000,
          "y": 915334,
        },
        Object {
          "x": 890000,
          "y": 916353,
        },
        Object {
          "x": 900000,
          "y": 917373,
        },
        Object {
          "x": 910000,
          "y": 918392,
        },
        Object {
          "x": 920000,
          "y": 919412,
        },
        Object {
          "x": 930000,
          "y": 920433,
        },
        Object {
          "x": 940000,
          "y": 921126,
        },
        Object {
          "x": 950000,
          "y": 921448,
        },
        Object {
          "x": 960000,
          "y": 921769,
        },
        Object {
          "x": 970000,
          "y": 922092,
        },
        Object {
          "x": 980000,
          "y": 922413,
        },
        Object {
          "x": 990000,
          "y": 922735,
        },
        Object {
          "x": 1000000,
          "y": 923055,
        },
        Object {
          "x": 1010000,
          "y": 923377,
        },
        Object {
          "x": 1020000,
          "y": 923699,
        },
        Object {
          "x": 1030000,
          "y": 924020,
        },
        Object {
          "x": 1040000,
          "y": 924342,
        },
        Object {
          "x": 1050000,
          "y": 924663,
        },
        Object {
          "x": 1060000,
          "y": 924984,
        },
        Object {
          "x": 1070000,
          "y": 925306,
        },
        Object {
          "x": 1080000,
          "y": 925628,
        },
        Object {
          "x": 1090000,
          "y": 925951,
        },
        Object {
          "x": 1100000,
          "y": 926272,
        },
        Object {
          "x": 1110000,
          "y": 926593,
        },
        Object {
          "x": 1120000,
          "y": 926914,
        },
        Object {
          "x": 1130000,
          "y": 927236,
        },
        Object {
          "x": 1140000,
          "y": 927557,
        },
        Object {
          "x": 1150000,
          "y": 927879,
        },
        Object {
          "x": 1160000,
          "y": 928201,
        },
        Object {
          "x": 1170000,
          "y": 928522,
        },
        Object {
          "x": 1180000,
          "y": 928844,
        },
        Object {
          "x": 1190000,
          "y": 929165,
        },
        Object {
          "x": 1200000,
          "y": 929487,
        },
        Object {
          "x": 1210000,
          "y": 929808,
        },
        Object {
          "x": 1220000,
          "y": 930131,
        },
        Object {
          "x": 1230000,
          "y": 930453,
        },
        Object {
          "x": 1240000,
          "y": 930774,
        },
        Object {
          "x": 1250000,
          "y": 931095,
        },
        Object {
          "x": 1260000,
          "y": 931416,
        },
        Object {
          "x": 1270000,
          "y": 931738,
        },
        Object {
          "x": 1280000,
          "y": 932059,
        },
        Object {
          "x": 1290000,
          "y": 932382,
        },
        Object {
          "x": 1300000,
          "y": 932703,
        },
        Object {
          "x": 1310000,
          "y": 933024,
        },
        Object {
          "x": 1320000,
          "y": 933345,
        },
        Object {
          "x": 1330000,
          "y": 933667,
        },
        Object {
          "x": 1340000,
          "y": 933989,
        },
        Object {
          "x": 1350000,
          "y": 934310,
        },
        Object {
          "x": 1360000,
          "y": 934633,
        },
        Object {
          "x": 1370000,
          "y": 934954,
        },
        Object {
          "x": 1380000,
          "y": 935275,
        },
        Object {
          "x": 1390000,
          "y": 935598,
        },
        Object {
          "x": 1400000,
          "y": 935918,
        },
        Object {
          "x": 1410000,
          "y": 936167,
        },
        Object {
          "x": 1420000,
          "y": 936342,
        },
        Object {
          "x": 1430000,
          "y": 936518,
        },
        Object {
          "x": 1440000,
          "y": 936089,
        },
        Object {
          "x": 1450000,
          "y": 935471,
        },
        Object {
          "x": 1460000,
          "y": 934853,
        },
        Object {
          "x": 1470000,
          "y": 934236,
        },
        Object {
          "x": 1480000,
          "y": 933617,
        },
        Object {
          "x": 1490000,
          "y": 932998,
        },
        Object {
          "x": 1500000,
          "y": 932325,
        },
        Object {
          "x": 1510000,
          "y": 931601,
        },
        Object {
          "x": 1520000,
          "y": 930875,
        },
        Object {
          "x": 1530000,
          "y": 930151,
        },
        Object {
          "x": 1540000,
          "y": 929425,
        },
        Object {
          "x": 1550000,
          "y": 928700,
        },
        Object {
          "x": 1560000,
          "y": 927974,
        },
        Object {
          "x": 1570000,
          "y": 927250,
        },
        Object {
          "x": 1580000,
          "y": 926525,
        },
        Object {
          "x": 1590000,
          "y": 925785,
        },
        Object {
          "x": 1600000,
          "y": 924937,
        },
        Object {
          "x": 1610000,
          "y": 924086,
        },
        Object {
          "x": 1620000,
          "y": 923238,
        },
        Object {
          "x": 1630000,
          "y": 922389,
        },
        Object {
          "x": 1640000,
          "y": 921540,
        },
        Object {
          "x": 1650000,
          "y": 920691,
        },
        Object {
          "x": 1660000,
          "y": 919842,
        },
        Object {
          "x": 1670000,
          "y": 918992,
        },
        Object {
          "x": 1680000,
          "y": 918143,
        },
        Object {
          "x": 1690000,
          "y": 917294,
        },
        Object {
          "x": 1700000,
          "y": 916445,
        },
      ],
      "name": "Total income",
    },
  ],
  "title": Object {
    "text": "",
  },
  "tooltip": Object {
    "shared": true,
    "valueSuffix": " NOK",
  },
  "xAxis": Object {
    "title": Object {
      "text": "Surplus",
    },
  },
  "yAxis": Object {
    "title": Object {
      "text": "NOK",
    },
  },
}
`;
