// Jest Snapshot v1, https://goo.gl/fbAQLP

exports[`parameters should have initial state 1`] = `
Object {
  "cut": 10,
  "employerFeeRate": 14.1,
  "ensuringFee": 15000,
  "hourRate": 1100,
  "hoursPerYear": 1730,
  "includeEmployerFee": true,
  "includeVacationSavings": true,
  "locale": "nb",
  "pension": Object {
    "include": true,
    "step1": Object {
      "rate": 2,
      "threshold": Object {
        "high": 687869,
        "low": 96883,
      },
    },
    "step2": Object {
      "rate": 2,
      "threshold": Object {
        "high": 1162596,
        "low": 687869,
      },
    },
  },
  "surplus": Object {
    "amount": 100000,
    "include": false,
  },
  "vacationSavingsRate": 12,
}
`;
