// Jest Snapshot v1, https://goo.gl/fbAQLP

exports[`AppComponent should render 1`] = `
<div>
  Hello world
</div>
`;
