// Jest Snapshot v1, https://goo.gl/fbAQLP

exports[`Summary should render 1`] = `
<Section
  expanded={true}
  header="Summary"
>
  <Table>
    <TableBody>
      <TaxRow
        amount="kr 111 111,00"
        description="Turnover"
      />
      <TaxRow
        amount="kr 222 222,00"
        description="Income"
      />
      <TaxRow
        amount="kr 333 333,00"
        description="Common income"
      />
      <TaxRow
        amount="kr 444 444,00"
        description="Total tax"
        minus={true}
      />
      <TaxRow
        amount="kr 555 555,00"
        description="After tax"
        total={true}
      />
    </TableBody>
  </Table>
</Section>
`;
