// Jest Snapshot v1, https://goo.gl/fbAQLP

exports[`TaxCalculations should render 1`] = `
<Section
  header="Tax calculations"
>
  <Table>
    <TableBody>
      <TaxRow
        description="Income"
        sum="$12,345,678.00"
      />
      <TaxRow
        amount="$12,345,678.00"
        description="Minimum deduction"
        minus={true}
      />
      <TaxRow
        description="Common income"
        sum="$12,345,678.00"
      />
    </TableBody>
  </Table>
  <Table>
    <TableBody>
      <TaxRow
        description="Income"
        sum="$12,345,678.00"
      />
      <TaxRow
        amount="$12,345,678.00"
        description="Income tax"
        minus={true}
      />
      <TaxRow
        amount="$12,345,678.00"
        description="Social security deduction"
        minus={true}
      />
      <TaxRow
        amount="$12,345,678.00"
        description="Tax step 1"
        minus={true}
      />
      <TaxRow
        amount="$12,345,678.00"
        description="Tax step 2"
        minus={true}
      />
      <TaxRow
        amount="$12,345,678.00"
        description="Tax step 3"
        minus={true}
      />
      <TaxRow
        amount="$12,345,678.00"
        description="Tax step 4"
        minus={true}
      />
      <TaxRow
        amount="$12,345,678.00"
        description="After tax"
        sum="$12,345,678.00"
      />
    </TableBody>
  </Table>
</Section>
`;
